// Vitest Snapshot v1, https://vitest.dev/guide/snapshot.html

exports[`Typography components - snapshots > ButtonLink matches snapshot 1`] = `
<button
  class="cunderline text-ctext transition cfocus-visible chover-bg"
>
  Click Me
</button>
`;

exports[`Typography components - snapshots > ExternalLink matches snapshot 1`] = `
<a
  class="cunderline text-ctext transition cfocus-visible chover-bg"
  href="https://example.com"
  rel="noopener noreferrer"
  target="_blank"
>
  External Site
</a>
`;

exports[`Typography components - snapshots > Header matches snapshot 1`] = `
<h1
  class="text-ctextdark text-center text-xl font-bold"
>
  Main Title
</h1>
`;

exports[`Typography components - snapshots > Header2 matches snapshot 1`] = `
<h2
  class="text-ctextdark mt-16 text-lg font-bold"
>
  Subtitle
</h2>
`;

exports[`Typography components - snapshots > InternalLink matches snapshot 1`] = `
<a
  class="cunderline text-ctext transition cfocus-visible chover-bg"
  href="/about"
>
  About
</a>
`;

exports[`Typography components - snapshots > OrderedList matches snapshot 1`] = `
<ol
  class="marker:text-ctext mt-4 ml-8 list-outside list-disc space-y-1"
>
  <li>
    First step
  </li>
  <li>
    Second step
  </li>
  <li>
    Third step
  </li>
</ol>
`;

exports[`Typography components - snapshots > Paragraph matches snapshot 1`] = `
<p
  class="text-ctext mt-4"
>
  This is a paragraph with some text content.
</p>
`;

exports[`Typography components - snapshots > UnorderedList matches snapshot 1`] = `
<ul
  class="marker:text-ctext mt-4 ml-8 list-outside list-disc space-y-1"
>
  <li>
    First item
  </li>
  <li>
    Second item
  </li>
  <li>
    Third item
  </li>
</ul>
`;
